[0.022s][info][gc] Using Serial
[4.138s][info][gc] GC(0) Pause Young (Allocation Failure) 4M->2M(15M) 16.621ms
[4.665s][info][gc] GC(1) Pause Young (Allocation Failure) 6M->2M(15M) 11.781ms
[5.082s][info][gc] GC(2) Pause Young (Allocation Failure) 7M->2M(15M) 6.176ms
[7.071s][info][gc] GC(3) Pause Young (Allocation Failure) 7M->3M(15M) 12.261ms
[11.127s][info][gc] GC(4) Pause Young (Allocation Failure) 7M->4M(15M) 10.787ms
[34.410s][info][gc] GC(5) Pause Young (Allocation Failure) 8M->4M(15M) 3.872ms
[34.441s][info][gc] GC(6) Pause Young (Allocation Failure) 8M->4M(15M) 1.298ms
[34.478s][info][gc] GC(7) Pause Young (Allocation Failure) 8M->4M(15M) 1.239ms
[34.502s][info][gc] GC(8) Pause Young (Allocation Failure) 8M->4M(15M) 1.308ms
[34.523s][info][gc] GC(9) Pause Young (Allocation Failure) 8M->4M(15M) 1.079ms
[34.559s][info][gc] GC(10) Pause Young (Allocation Failure) 8M->4M(15M) 1.148ms
[34.640s][info][gc] GC(11) Pause Young (Allocation Failure) 8M->4M(15M) 1.209ms
[34.654s][info][gc] GC(12) Pause Young (Allocation Failure) 8M->4M(15M) 1.137ms
[34.676s][info][gc] GC(13) Pause Young (Allocation Failure) 8M->4M(15M) 0.951ms
[34.690s][info][gc] GC(14) Pause Young (Allocation Failure) 8M->4M(15M) 0.999ms
[34.705s][info][gc] GC(15) Pause Young (Allocation Failure) 8M->4M(15M) 1.084ms
[34.715s][info][gc] GC(16) Pause Young (Allocation Failure) 8M->4M(15M) 0.903ms
[34.724s][info][gc] GC(17) Pause Young (Allocation Failure) 8M->4M(15M) 0.988ms
[34.733s][info][gc] GC(18) Pause Young (Allocation Failure) 8M->4M(15M) 1.142ms
[34.751s][info][gc] GC(19) Pause Young (Allocation Failure) 8M->4M(15M) 1.172ms
[34.762s][info][gc] GC(20) Pause Young (Allocation Failure) 8M->4M(15M) 1.032ms
[42.410s][info][gc] GC(21) Pause Young (Allocation Failure) 8M->4M(15M) 1.300ms
[77.846s][info][gc] GC(22) Pause Young (Allocation Failure) 8M->4M(15M) 1.015ms
[94.253s][info][gc] GC(23) Pause Young (Allocation Failure) 8M->4M(15M) 1.131ms
[94.262s][info][gc] GC(24) Pause Young (Allocation Failure) 8M->4M(15M) 1.184ms
[94.272s][info][gc] GC(25) Pause Young (Allocation Failure) 8M->4M(15M) 0.906ms
[94.280s][info][gc] GC(26) Pause Young (Allocation Failure) 8M->4M(15M) 1.016ms
[94.291s][info][gc] GC(27) Pause Young (Allocation Failure) 8M->4M(15M) 1.121ms
[94.299s][info][gc] GC(28) Pause Young (Allocation Failure) 8M->4M(15M) 1.130ms
[94.309s][info][gc] GC(29) Pause Young (Allocation Failure) 8M->4M(15M) 0.874ms
[94.318s][info][gc] GC(30) Pause Young (Allocation Failure) 8M->4M(15M) 0.912ms
[94.326s][info][gc] GC(31) Pause Young (Allocation Failure) 8M->4M(15M) 1.123ms
[94.335s][info][gc] GC(32) Pause Young (Allocation Failure) 8M->4M(15M) 1.055ms
[94.345s][info][gc] GC(33) Pause Young (Allocation Failure) 8M->4M(15M) 0.953ms
[94.356s][info][gc] GC(34) Pause Young (Allocation Failure) 8M->4M(15M) 3.109ms
[94.366s][info][gc] GC(35) Pause Young (Allocation Failure) 8M->4M(15M) 1.460ms
[94.373s][info][gc] GC(36) Pause Young (Allocation Failure) 8M->4M(15M) 0.852ms
[94.380s][info][gc] GC(37) Pause Young (Allocation Failure) 8M->4M(15M) 0.894ms
[94.387s][info][gc] GC(38) Pause Young (Allocation Failure) 8M->4M(15M) 0.827ms
[117.456s][info][gc] GC(39) Pause Young (Allocation Failure) 8M->4M(15M) 1.029ms
[154.805s][info][gc] GC(40) Pause Young (Allocation Failure) 8M->4M(15M) 0.975ms
