[0.017s][info][gc] Using Serial
[3.550s][info][gc] GC(0) Pause Young (Allocation Failure) 4M->2M(15M) 11.364ms
[3.819s][info][gc] GC(1) Pause Young (Allocation Failure) 6M->2M(15M) 6.730ms
[4.020s][info][gc] GC(2) Pause Young (Allocation Failure) 7M->3M(15M) 3.883ms
[5.401s][info][gc] GC(3) Pause Young (Allocation Failure) 7M->3M(15M) 3.788ms
[9.635s][info][gc] GC(4) Pause Young (Allocation Failure) 7M->4M(15M) 11.014ms
[37.309s][info][gc] GC(5) Pause Young (Allocation Failure) 8M->4M(15M) 5.885ms
[37.385s][info][gc] GC(6) Pause Young (Allocation Failure) 9M->7M(15M) 10.968ms
[37.446s][info][gc] GC(7) Pause Young (Allocation Failure) 11M->9M(15M) 10.348ms
[37.489s][info][gc] GC(8) Pause Young (Allocation Failure) 13M->13M(15M) 0.100ms
[37.538s][info][gc] GC(9) Pause Full (Allocation Failure) 13M->8M(15M) 48.972ms
[37.595s][info][gc] GC(10) Pause Young (Allocation Failure) 12M->12M(15M) 0.097ms
[37.632s][info][gc] GC(11) Pause Full (Allocation Failure) 12M->6M(15M) 37.064ms
[37.680s][info][gc] GC(12) Pause Young (Allocation Failure) 11M->9M(15M) 10.492ms
[43.485s][info][gc] GC(13) Pause Young (Allocation Failure) 13M->13M(15M) 0.098ms
[43.527s][info][gc] GC(14) Pause Full (Allocation Failure) 13M->7M(15M) 41.968ms
[79.879s][info][gc] GC(15) Pause Young (Allocation Failure) 11M->7M(15M) 3.199ms
[96.400s][info][gc] GC(16) Pause Young (Allocation Failure) 11M->9M(15M) 5.166ms
[96.426s][info][gc] GC(17) Pause Young (Allocation Failure) 13M->13M(15M) 0.115ms
[96.475s][info][gc] GC(18) Pause Full (Allocation Failure) 13M->6M(15M) 49.162ms
[96.511s][info][gc] GC(19) Pause Young (Allocation Failure) 10M->8M(15M) 11.415ms
[96.545s][info][gc] GC(20) Pause Young (Allocation Failure) 13M->13M(15M) 0.093ms
[96.590s][info][gc] GC(21) Pause Full (Allocation Failure) 13M->7M(15M) 44.455ms
[96.635s][info][gc] GC(22) Pause Young (Allocation Failure) 12M->10M(15M) 13.775ms
[96.664s][info][gc] GC(23) Pause Young (Allocation Failure) 14M->14M(15M) 0.100ms
[96.710s][info][gc] GC(24) Pause Full (Allocation Failure) 14M->7M(15M) 45.732ms
[111.955s][info][gc] GC(25) Pause Young (Allocation Failure) 12M->9M(15M) 7.801ms
[150.063s][info][gc] GC(26) Pause Young (Allocation Failure) 13M->13M(15M) 0.093ms
[150.093s][info][gc] GC(27) Pause Full (Allocation Failure) 13M->4M(15M) 30.691ms
