[0.044s][info][gc] Using The Z Garbage Collector
[0.399s][info][gc] GC(0) Garbage Collection (Warmup) 2M(17%)->4M(33%)
[0.493s][info][gc] GC(1) Garbage Collection (Warmup) 4M(33%)->4M(33%)
[0.589s][info][gc] GC(2) Garbage Collection (Warmup) 4M(33%)->4M(33%)
[1.097s][info][gc] GC(3) Garbage Collection (Allocation Rate) 6M(50%)->4M(33%)
[18.711s][info][gc] GC(4) Garbage Collection (Proactive) 6M(50%)->6M(50%)
[18.971s][info][gc] Relocation Stall (Attach Listener) 0.564ms
[18.979s][info][gc] GC(5) Garbage Collection (Allocation Rate) 8M(67%)->8M(67%)
[19.072s][info][gc] GC(6) Garbage Collection (Allocation Rate) 8M(67%)->6M(50%)
[19.225s][info][gc] GC(7) Garbage Collection (Allocation Rate) 6M(50%)->8M(67%)
[19.410s][info][gc] Allocation Stall (C1 CompilerThread0) 7.386ms
[19.410s][info][gc] GC(8) Garbage Collection (Allocation Rate) 8M(67%)->12M(100%)
[19.445s][info][gc] Allocation Stall (Attach Listener) 41.632ms
[19.462s][info][gc] GC(9) Garbage Collection (Allocation Stall) 12M(100%)->8M(67%)
[19.618s][info][gc] GC(10) Garbage Collection (Allocation Rate) 10M(83%)->8M(67%)
[19.716s][info][gc] GC(11) Garbage Collection (Allocation Rate) 8M(67%)->6M(50%)
[19.817s][info][gc] GC(12) Garbage Collection (Allocation Rate) 6M(50%)->6M(50%)
[19.894s][info][gc] GC(13) Garbage Collection (Allocation Rate) 8M(67%)->6M(50%)
[20.070s][info][gc] GC(14) Garbage Collection (Allocation Rate) 8M(67%)->8M(67%)
[20.215s][info][gc] GC(15) Garbage Collection (Allocation Rate) 8M(67%)->8M(67%)
[20.405s][info][gc] GC(16) Garbage Collection (Allocation Rate) 8M(67%)->8M(67%)
[20.534s][info][gc] GC(17) Garbage Collection (Allocation Rate) 8M(67%)->8M(67%)
[20.634s][info][gc] GC(18) Garbage Collection (Allocation Rate) 8M(67%)->8M(67%)
[20.716s][info][gc] GC(19) Garbage Collection (Allocation Rate) 8M(67%)->8M(67%)
[20.830s][info][gc] GC(20) Garbage Collection (Allocation Rate) 8M(67%)->8M(67%)
[20.949s][info][gc] GC(21) Garbage Collection (Allocation Rate) 8M(67%)->8M(67%)
[21.010s][info][gc] GC(22) Garbage Collection (Allocation Rate) 8M(67%)->8M(67%)
[21.107s][info][gc] GC(23) Garbage Collection (Allocation Rate) 10M(83%)->10M(83%)
[21.544s][info][gc] GC(24) Garbage Collection (Allocation Rate) 10M(83%)->10M(83%)
[21.604s][info][gc] GC(25) Garbage Collection (Allocation Rate) 10M(83%)->8M(67%)
[21.701s][info][gc] GC(26) Garbage Collection (Allocation Rate) 10M(83%)->10M(83%)
[21.814s][info][gc] GC(27) Garbage Collection (Allocation Rate) 10M(83%)->10M(83%)
[21.907s][info][gc] GC(28) Garbage Collection (Allocation Rate) 10M(83%)->8M(67%)
[22.087s][info][gc] GC(29) Garbage Collection (Allocation Rate) 10M(83%)->8M(67%)
[22.133s][info][gc] GC(30) Garbage Collection (Allocation Rate) 8M(67%)->10M(83%)
[22.215s][info][gc] GC(31) Garbage Collection (Allocation Rate) 10M(83%)->8M(67%)
[22.318s][info][gc] GC(32) Garbage Collection (Allocation Rate) 8M(67%)->6M(50%)
[22.418s][info][gc] GC(33) Garbage Collection (Allocation Rate) 8M(67%)->6M(50%)
[22.502s][info][gc] GC(34) Garbage Collection (Allocation Rate) 8M(67%)->6M(50%)
[22.617s][info][gc] GC(35) Garbage Collection (Allocation Rate) 8M(67%)->8M(67%)
[22.701s][info][gc] GC(36) Garbage Collection (Allocation Rate) 8M(67%)->8M(67%)
[22.821s][info][gc] GC(37) Garbage Collection (Allocation Rate) 8M(67%)->10M(83%)
[22.898s][info][gc] GC(38) Garbage Collection (Allocation Rate) 10M(83%)->10M(83%)
[22.995s][info][gc] GC(39) Garbage Collection (Allocation Rate) 10M(83%)->10M(83%)
[23.113s][info][gc] GC(40) Garbage Collection (Allocation Rate) 10M(83%)->10M(83%)
[23.199s][info][gc] GC(41) Garbage Collection (Allocation Rate) 10M(83%)->8M(67%)
[23.307s][info][gc] GC(42) Garbage Collection (Allocation Rate) 8M(67%)->8M(67%)
[23.406s][info][gc] GC(43) Garbage Collection (Allocation Rate) 8M(67%)->8M(67%)
[23.508s][info][gc] GC(44) Garbage Collection (Allocation Rate) 8M(67%)->8M(67%)
[23.602s][info][gc] GC(45) Garbage Collection (Allocation Rate) 8M(67%)->8M(67%)
[23.707s][info][gc] GC(46) Garbage Collection (Allocation Rate) 8M(67%)->8M(67%)
[23.808s][info][gc] GC(47) Garbage Collection (Allocation Rate) 8M(67%)->10M(83%)
[23.902s][info][gc] GC(48) Garbage Collection (Allocation Rate) 10M(83%)->8M(67%)
[23.996s][info][gc] GC(49) Garbage Collection (Allocation Rate) 8M(67%)->8M(67%)
[24.095s][info][gc] GC(50) Garbage Collection (Allocation Rate) 8M(67%)->8M(67%)
[24.198s][info][gc] GC(51) Garbage Collection (Allocation Rate) 8M(67%)->8M(67%)
[24.294s][info][gc] GC(52) Garbage Collection (Allocation Rate) 8M(67%)->8M(67%)
[24.395s][info][gc] GC(53) Garbage Collection (Allocation Rate) 8M(67%)->8M(67%)
[24.494s][info][gc] GC(54) Garbage Collection (Allocation Rate) 8M(67%)->8M(67%)
[24.597s][info][gc] GC(55) Garbage Collection (Allocation Rate) 8M(67%)->8M(67%)
[24.695s][info][gc] GC(56) Garbage Collection (Allocation Rate) 8M(67%)->8M(67%)
[24.801s][info][gc] GC(57) Garbage Collection (Allocation Rate) 8M(67%)->10M(83%)
[24.907s][info][gc] GC(58) Garbage Collection (Allocation Rate) 10M(83%)->6M(50%)
[25.000s][info][gc] GC(59) Garbage Collection (Allocation Rate) 8M(67%)->6M(50%)
[25.097s][info][gc] GC(60) Garbage Collection (Allocation Rate) 8M(67%)->6M(50%)
[25.200s][info][gc] GC(61) Garbage Collection (Allocation Rate) 8M(67%)->6M(50%)
[25.298s][info][gc] GC(62) Garbage Collection (Allocation Rate) 8M(67%)->6M(50%)
[25.396s][info][gc] GC(63) Garbage Collection (Allocation Rate) 8M(67%)->8M(67%)
[25.498s][info][gc] GC(64) Garbage Collection (Allocation Rate) 8M(67%)->8M(67%)
[25.595s][info][gc] GC(65) Garbage Collection (Allocation Rate) 8M(67%)->8M(67%)
[25.696s][info][gc] GC(66) Garbage Collection (Allocation Rate) 8M(67%)->8M(67%)
[25.812s][info][gc] GC(67) Garbage Collection (Allocation Rate) 8M(67%)->8M(67%)
[25.904s][info][gc] GC(68) Garbage Collection (Allocation Rate) 8M(67%)->8M(67%)
[25.996s][info][gc] GC(69) Garbage Collection (Allocation Rate) 8M(67%)->8M(67%)
[26.094s][info][gc] GC(70) Garbage Collection (Allocation Rate) 8M(67%)->8M(67%)
[26.195s][info][gc] GC(71) Garbage Collection (Allocation Rate) 8M(67%)->8M(67%)
[26.295s][info][gc] GC(72) Garbage Collection (Allocation Rate) 8M(67%)->8M(67%)
[26.394s][info][gc] GC(73) Garbage Collection (Allocation Rate) 8M(67%)->8M(67%)
[26.494s][info][gc] GC(74) Garbage Collection (Allocation Rate) 8M(67%)->8M(67%)
[26.595s][info][gc] GC(75) Garbage Collection (Allocation Rate) 8M(67%)->8M(67%)
[26.694s][info][gc] GC(76) Garbage Collection (Allocation Rate) 8M(67%)->8M(67%)
[26.803s][info][gc] GC(77) Garbage Collection (Allocation Rate) 8M(67%)->8M(67%)
[26.897s][info][gc] GC(78) Garbage Collection (Allocation Rate) 8M(67%)->8M(67%)
[26.994s][info][gc] GC(79) Garbage Collection (Allocation Rate) 8M(67%)->8M(67%)
[27.094s][info][gc] GC(80) Garbage Collection (Allocation Rate) 8M(67%)->8M(67%)
[27.194s][info][gc] GC(81) Garbage Collection (Allocation Rate) 8M(67%)->8M(67%)
[27.295s][info][gc] GC(82) Garbage Collection (Allocation Rate) 8M(67%)->8M(67%)
[27.397s][info][gc] GC(83) Garbage Collection (Allocation Rate) 8M(67%)->8M(67%)
[27.494s][info][gc] GC(84) Garbage Collection (Allocation Rate) 8M(67%)->8M(67%)
[27.596s][info][gc] GC(85) Garbage Collection (Allocation Rate) 8M(67%)->8M(67%)
[27.695s][info][gc] GC(86) Garbage Collection (Allocation Rate) 8M(67%)->8M(67%)
[27.805s][info][gc] GC(87) Garbage Collection (Allocation Rate) 8M(67%)->8M(67%)
[27.925s][info][gc] GC(88) Garbage Collection (Allocation Rate) 8M(67%)->8M(67%)
[27.998s][info][gc] GC(89) Garbage Collection (Allocation Rate) 8M(67%)->8M(67%)
[28.104s][info][gc] GC(90) Garbage Collection (Allocation Rate) 8M(67%)->8M(67%)
[28.195s][info][gc] GC(91) Garbage Collection (Allocation Rate) 8M(67%)->8M(67%)
[28.304s][info][gc] GC(92) Garbage Collection (Allocation Rate) 8M(67%)->8M(67%)
[28.400s][info][gc] GC(93) Garbage Collection (Allocation Rate) 8M(67%)->8M(67%)
[28.506s][info][gc] GC(94) Garbage Collection (Allocation Rate) 8M(67%)->8M(67%)
[28.600s][info][gc] GC(95) Garbage Collection (Allocation Rate) 8M(67%)->8M(67%)
[28.707s][info][gc] GC(96) Garbage Collection (Allocation Rate) 8M(67%)->8M(67%)
[28.805s][info][gc] GC(97) Garbage Collection (Allocation Rate) 8M(67%)->8M(67%)
[28.896s][info][gc] GC(98) Garbage Collection (Allocation Rate) 8M(67%)->8M(67%)
[28.994s][info][gc] GC(99) Garbage Collection (Allocation Rate) 8M(67%)->8M(67%)
[29.094s][info][gc] GC(100) Garbage Collection (Allocation Rate) 8M(67%)->8M(67%)
[29.194s][info][gc] GC(101) Garbage Collection (Allocation Rate) 8M(67%)->8M(67%)
[29.295s][info][gc] GC(102) Garbage Collection (Allocation Rate) 8M(67%)->8M(67%)
[29.396s][info][gc] GC(103) Garbage Collection (Allocation Rate) 8M(67%)->8M(67%)
[29.494s][info][gc] GC(104) Garbage Collection (Allocation Rate) 8M(67%)->8M(67%)
[29.598s][info][gc] GC(105) Garbage Collection (Allocation Rate) 8M(67%)->8M(67%)
[29.695s][info][gc] GC(106) Garbage Collection (Allocation Rate) 8M(67%)->8M(67%)
[29.798s][info][gc] GC(107) Garbage Collection (Allocation Rate) 8M(67%)->8M(67%)
[29.898s][info][gc] GC(108) Garbage Collection (Allocation Rate) 8M(67%)->8M(67%)
[29.994s][info][gc] GC(109) Garbage Collection (Allocation Rate) 8M(67%)->8M(67%)
[30.094s][info][gc] GC(110) Garbage Collection (Allocation Rate) 8M(67%)->8M(67%)
[30.194s][info][gc] GC(111) Garbage Collection (Allocation Rate) 8M(67%)->8M(67%)
[30.295s][info][gc] GC(112) Garbage Collection (Allocation Rate) 8M(67%)->8M(67%)
[30.396s][info][gc] GC(113) Garbage Collection (Allocation Rate) 8M(67%)->8M(67%)
[30.499s][info][gc] GC(114) Garbage Collection (Allocation Rate) 8M(67%)->8M(67%)
[30.601s][info][gc] GC(115) Garbage Collection (Allocation Rate) 8M(67%)->8M(67%)
[30.702s][info][gc] GC(116) Garbage Collection (Allocation Rate) 8M(67%)->8M(67%)
[30.841s][info][gc] GC(117) Garbage Collection (Allocation Rate) 8M(67%)->8M(67%)
[30.914s][info][gc] GC(118) Garbage Collection (Allocation Rate) 8M(67%)->8M(67%)
[30.997s][info][gc] GC(119) Garbage Collection (Allocation Rate) 8M(67%)->8M(67%)
[31.098s][info][gc] GC(120) Garbage Collection (Allocation Rate) 8M(67%)->8M(67%)
[31.199s][info][gc] GC(121) Garbage Collection (Allocation Rate) 8M(67%)->8M(67%)
[31.299s][info][gc] GC(122) Garbage Collection (Allocation Rate) 8M(67%)->6M(50%)
[31.400s][info][gc] GC(123) Garbage Collection (Allocation Rate) 8M(67%)->6M(50%)
[31.496s][info][gc] GC(124) Garbage Collection (Allocation Rate) 8M(67%)->6M(50%)
[31.596s][info][gc] GC(125) Garbage Collection (Allocation Rate) 8M(67%)->6M(50%)
[31.696s][info][gc] GC(126) Garbage Collection (Allocation Rate) 8M(67%)->6M(50%)
[31.800s][info][gc] GC(127) Garbage Collection (Allocation Rate) 8M(67%)->6M(50%)
[31.906s][info][gc] GC(128) Garbage Collection (Allocation Rate) 8M(67%)->8M(67%)
[32.000s][info][gc] GC(129) Garbage Collection (Allocation Rate) 8M(67%)->6M(50%)
[32.095s][info][gc] GC(130) Garbage Collection (Allocation Rate) 8M(67%)->6M(50%)
[32.195s][info][gc] GC(131) Garbage Collection (Allocation Rate) 8M(67%)->6M(50%)
[32.297s][info][gc] GC(132) Garbage Collection (Allocation Rate) 8M(67%)->8M(67%)
[32.403s][info][gc] GC(133) Garbage Collection (Allocation Rate) 8M(67%)->8M(67%)
[32.497s][info][gc] GC(134) Garbage Collection (Allocation Rate) 8M(67%)->8M(67%)
[32.598s][info][gc] GC(135) Garbage Collection (Allocation Rate) 8M(67%)->8M(67%)
[32.701s][info][gc] GC(136) Garbage Collection (Allocation Rate) 8M(67%)->8M(67%)
[32.807s][info][gc] GC(137) Garbage Collection (Allocation Rate) 8M(67%)->6M(50%)
[32.897s][info][gc] GC(138) Garbage Collection (Allocation Rate) 8M(67%)->6M(50%)
[32.998s][info][gc] GC(139) Garbage Collection (Allocation Rate) 8M(67%)->6M(50%)
[33.096s][info][gc] GC(140) Garbage Collection (Allocation Rate) 8M(67%)->8M(67%)
[33.214s][info][gc] GC(141) Garbage Collection (Allocation Rate) 8M(67%)->8M(67%)
[33.326s][info][gc] GC(142) Garbage Collection (Allocation Rate) 8M(67%)->6M(50%)
[33.411s][info][gc] GC(143) Garbage Collection (Allocation Rate) 8M(67%)->8M(67%)
[33.498s][info][gc] GC(144) Garbage Collection (Allocation Rate) 8M(67%)->8M(67%)
[33.600s][info][gc] GC(145) Garbage Collection (Allocation Rate) 8M(67%)->8M(67%)
[33.698s][info][gc] GC(146) Garbage Collection (Allocation Rate) 8M(67%)->8M(67%)
[33.810s][info][gc] GC(147) Garbage Collection (Allocation Rate) 8M(67%)->8M(67%)
[33.899s][info][gc] GC(148) Garbage Collection (Allocation Rate) 8M(67%)->8M(67%)
[34.007s][info][gc] GC(149) Garbage Collection (Allocation Rate) 8M(67%)->8M(67%)
[34.100s][info][gc] GC(150) Garbage Collection (Allocation Rate) 8M(67%)->8M(67%)
[34.210s][info][gc] GC(151) Garbage Collection (Allocation Rate) 8M(67%)->8M(67%)
[34.307s][info][gc] GC(152) Garbage Collection (Allocation Rate) 8M(67%)->8M(67%)
[34.400s][info][gc] GC(153) Garbage Collection (Allocation Rate) 8M(67%)->8M(67%)
[34.506s][info][gc] GC(154) Garbage Collection (Allocation Rate) 8M(67%)->8M(67%)
[34.603s][info][gc] GC(155) Garbage Collection (Allocation Rate) 8M(67%)->8M(67%)
[34.710s][info][gc] GC(156) Garbage Collection (Allocation Rate) 8M(67%)->8M(67%)
[34.814s][info][gc] GC(157) Garbage Collection (Allocation Rate) 8M(67%)->8M(67%)
[34.899s][info][gc] GC(158) Garbage Collection (Allocation Rate) 8M(67%)->8M(67%)
[34.997s][info][gc] GC(159) Garbage Collection (Allocation Rate) 8M(67%)->8M(67%)
[35.095s][info][gc] GC(160) Garbage Collection (Allocation Rate) 8M(67%)->6M(50%)
[35.496s][info][gc] GC(161) Garbage Collection (Allocation Rate) 6M(50%)->6M(50%)
[35.601s][info][gc] GC(162) Garbage Collection (Allocation Rate) 6M(50%)->6M(50%)
[35.697s][info][gc] GC(163) Garbage Collection (Allocation Rate) 6M(50%)->6M(50%)
[35.807s][info][gc] GC(164) Garbage Collection (Allocation Rate) 8M(67%)->8M(67%)
[35.912s][info][gc] GC(165) Garbage Collection (Allocation Rate) 8M(67%)->6M(50%)
[35.999s][info][gc] GC(166) Garbage Collection (Allocation Rate) 6M(50%)->6M(50%)
[36.098s][info][gc] GC(167) Garbage Collection (Allocation Rate) 6M(50%)->6M(50%)
[36.195s][info][gc] GC(168) Garbage Collection (Allocation Rate) 6M(50%)->6M(50%)
[38.105s][info][gc] GC(169) Garbage Collection (Proactive) 8M(67%)->6M(50%)
[40.708s][info][gc] GC(170) Garbage Collection (Proactive) 8M(67%)->8M(67%)
[40.805s][info][gc] GC(171) Garbage Collection (Allocation Rate) 10M(83%)->8M(67%)
[41.005s][info][gc] GC(172) Garbage Collection (Allocation Rate) 10M(83%)->8M(67%)
[41.105s][info][gc] GC(173) Garbage Collection (Allocation Rate) 8M(67%)->8M(67%)
[41.203s][info][gc] GC(174) Garbage Collection (Allocation Rate) 8M(67%)->8M(67%)
[41.303s][info][gc] GC(175) Garbage Collection (Allocation Rate) 8M(67%)->8M(67%)
[41.404s][info][gc] GC(176) Garbage Collection (Allocation Rate) 8M(67%)->8M(67%)
[41.502s][info][gc] GC(177) Garbage Collection (Allocation Rate) 8M(67%)->8M(67%)
[41.804s][info][gc] GC(178) Garbage Collection (Allocation Rate) 10M(83%)->8M(67%)
[42.017s][info][gc] GC(179) Garbage Collection (Allocation Rate) 10M(83%)->8M(67%)
[42.811s][info][gc] GC(180) Garbage Collection (Allocation Rate) 10M(83%)->8M(67%)
[43.031s][info][gc] GC(181) Garbage Collection (Allocation Rate) 10M(83%)->8M(67%)
[44.121s][info][gc] GC(182) Garbage Collection (Allocation Rate) 8M(67%)->8M(67%)
[44.292s][info][gc] GC(183) Garbage Collection (Allocation Rate) 8M(67%)->8M(67%)
[44.332s][info][gc] GC(184) Garbage Collection (Allocation Rate) 8M(67%)->8M(67%)
[44.431s][info][gc] GC(185) Garbage Collection (Allocation Rate) 8M(67%)->8M(67%)
[44.506s][info][gc] GC(186) Garbage Collection (Allocation Rate) 8M(67%)->8M(67%)
[44.606s][info][gc] GC(187) Garbage Collection (Allocation Rate) 8M(67%)->8M(67%)
[44.706s][info][gc] GC(188) Garbage Collection (Allocation Rate) 10M(83%)->8M(67%)
[45.022s][info][gc] GC(189) Garbage Collection (Allocation Rate) 10M(83%)->8M(67%)
[45.102s][info][gc] GC(190) Garbage Collection (Allocation Rate) 10M(83%)->8M(67%)
[45.238s][info][gc] GC(191) Garbage Collection (Allocation Rate) 8M(67%)->8M(67%)
[45.301s][info][gc] GC(192) Garbage Collection (Allocation Rate) 8M(67%)->8M(67%)
[45.414s][info][gc] GC(193) Garbage Collection (Allocation Rate) 8M(67%)->8M(67%)
[45.517s][info][gc] GC(194) Garbage Collection (Allocation Rate) 8M(67%)->8M(67%)
[45.599s][info][gc] GC(195) Garbage Collection (Allocation Rate) 8M(67%)->8M(67%)
[45.700s][info][gc] GC(196) Garbage Collection (Allocation Rate) 8M(67%)->8M(67%)
[45.944s][info][gc] GC(197) Garbage Collection (Allocation Rate) 10M(83%)->8M(67%)
[46.132s][info][gc] GC(198) Garbage Collection (Allocation Rate) 10M(83%)->8M(67%)
[46.911s][info][gc] GC(199) Garbage Collection (Allocation Rate) 10M(83%)->8M(67%)
[47.115s][info][gc] GC(200) Garbage Collection (Allocation Rate) 10M(83%)->8M(67%)
[47.907s][info][gc] GC(201) Garbage Collection (Allocation Rate) 10M(83%)->8M(67%)
[48.096s][info][gc] GC(202) Garbage Collection (Allocation Rate) 10M(83%)->8M(67%)
[48.907s][info][gc] GC(203) Garbage Collection (Allocation Rate) 10M(83%)->8M(67%)
[49.129s][info][gc] GC(204) Garbage Collection (Allocation Rate) 10M(83%)->8M(67%)
[49.903s][info][gc] GC(205) Garbage Collection (Allocation Rate) 10M(83%)->8M(67%)
[50.104s][info][gc] GC(206) Garbage Collection (Allocation Rate) 10M(83%)->8M(67%)
[50.912s][info][gc] GC(207) Garbage Collection (Allocation Rate) 10M(83%)->8M(67%)
[51.097s][info][gc] GC(208) Garbage Collection (Allocation Rate) 10M(83%)->8M(67%)
[51.899s][info][gc] GC(209) Garbage Collection (Allocation Rate) 10M(83%)->8M(67%)
[52.104s][info][gc] GC(210) Garbage Collection (Allocation Rate) 10M(83%)->8M(67%)
[52.919s][info][gc] GC(211) Garbage Collection (Allocation Rate) 10M(83%)->8M(67%)
[53.101s][info][gc] GC(212) Garbage Collection (Allocation Rate) 10M(83%)->8M(67%)
[53.900s][info][gc] GC(213) Garbage Collection (Allocation Rate) 10M(83%)->8M(67%)
[54.110s][info][gc] GC(214) Garbage Collection (Allocation Rate) 10M(83%)->8M(67%)
[54.909s][info][gc] GC(215) Garbage Collection (Allocation Rate) 10M(83%)->8M(67%)
[55.105s][info][gc] GC(216) Garbage Collection (Allocation Rate) 10M(83%)->8M(67%)
[55.508s][info][gc] GC(217) Garbage Collection (Allocation Rate) 10M(83%)->8M(67%)
[55.917s][info][gc] GC(218) Garbage Collection (Allocation Rate) 10M(83%)->8M(67%)
[56.097s][info][gc] GC(219) Garbage Collection (Allocation Rate) 10M(83%)->8M(67%)
[56.905s][info][gc] GC(220) Garbage Collection (Allocation Rate) 10M(83%)->8M(67%)
[57.100s][info][gc] GC(221) Garbage Collection (Allocation Rate) 10M(83%)->8M(67%)
[57.900s][info][gc] GC(222) Garbage Collection (Allocation Rate) 10M(83%)->8M(67%)
[58.095s][info][gc] GC(223) Garbage Collection (Allocation Rate) 10M(83%)->8M(67%)
[58.901s][info][gc] GC(224) Garbage Collection (Allocation Rate) 10M(83%)->8M(67%)
[59.103s][info][gc] GC(225) Garbage Collection (Allocation Rate) 10M(83%)->8M(67%)
[59.906s][info][gc] GC(226) Garbage Collection (Allocation Rate) 10M(83%)->8M(67%)
[60.096s][info][gc] GC(227) Garbage Collection (Allocation Rate) 10M(83%)->8M(67%)
[60.906s][info][gc] GC(228) Garbage Collection (Allocation Rate) 10M(83%)->8M(67%)
[61.102s][info][gc] GC(229) Garbage Collection (Allocation Rate) 10M(83%)->8M(67%)
[61.895s][info][gc] GC(230) Garbage Collection (Allocation Rate) 10M(83%)->8M(67%)
[62.103s][info][gc] GC(231) Garbage Collection (Allocation Rate) 10M(83%)->8M(67%)
[62.499s][info][gc] GC(232) Garbage Collection (Allocation Rate) 12M(100%)->12M(100%)
[62.499s][info][gc] Allocation Stall (main) 8.246ms
[62.605s][info][gc] GC(233) Garbage Collection (Allocation Stall) 12M(100%)->8M(67%)
[62.698s][info][gc] GC(234) Garbage Collection (Allocation Rate) 8M(67%)->8M(67%)
[62.798s][info][gc] GC(235) Garbage Collection (Allocation Rate) 8M(67%)->8M(67%)
[62.910s][info][gc] GC(236) Garbage Collection (Allocation Rate) 10M(83%)->8M(67%)
[63.008s][info][gc] GC(237) Garbage Collection (Allocation Rate) 8M(67%)->8M(67%)
[63.103s][info][gc] GC(238) Garbage Collection (Allocation Rate) 10M(83%)->8M(67%)
[63.213s][info][gc] GC(239) Garbage Collection (Allocation Rate) 8M(67%)->8M(67%)
[63.302s][info][gc] GC(240) Garbage Collection (Allocation Rate) 8M(67%)->8M(67%)
[63.505s][info][gc] GC(241) Garbage Collection (Allocation Rate) 8M(67%)->8M(67%)
[63.600s][info][gc] GC(242) Garbage Collection (Allocation Rate) 8M(67%)->8M(67%)
[63.707s][info][gc] GC(243) Garbage Collection (Allocation Rate) 8M(67%)->8M(67%)
[63.800s][info][gc] GC(244) Garbage Collection (Allocation Rate) 8M(67%)->8M(67%)
[63.912s][info][gc] GC(245) Garbage Collection (Allocation Rate) 10M(83%)->8M(67%)
[64.002s][info][gc] GC(246) Garbage Collection (Allocation Rate) 8M(67%)->8M(67%)
[64.110s][info][gc] GC(247) Garbage Collection (Allocation Rate) 10M(83%)->10M(83%)
[64.196s][info][gc] GC(248) Garbage Collection (Allocation Rate) 10M(83%)->10M(83%)
[64.296s][info][gc] GC(249) Garbage Collection (Allocation Rate) 10M(83%)->10M(83%)
[64.396s][info][gc] GC(250) Garbage Collection (Allocation Rate) 10M(83%)->10M(83%)
[64.497s][info][gc] GC(251) Garbage Collection (Allocation Rate) 10M(83%)->10M(83%)
[64.597s][info][gc] GC(252) Garbage Collection (Allocation Rate) 10M(83%)->10M(83%)
[64.696s][info][gc] GC(253) Garbage Collection (Allocation Rate) 10M(83%)->10M(83%)
[64.796s][info][gc] GC(254) Garbage Collection (Allocation Rate) 10M(83%)->10M(83%)
[64.897s][info][gc] GC(255) Garbage Collection (Allocation Rate) 12M(100%)->10M(83%)
[64.995s][info][gc] GC(256) Garbage Collection (Allocation Rate) 10M(83%)->10M(83%)
[65.096s][info][gc] GC(257) Garbage Collection (Allocation Rate) 12M(100%)->10M(83%)
[65.200s][info][gc] GC(258) Garbage Collection (Allocation Rate) 10M(83%)->10M(83%)
[65.311s][info][gc] GC(259) Garbage Collection (Allocation Rate) 10M(83%)->10M(83%)
[65.416s][info][gc] GC(260) Garbage Collection (Allocation Rate) 10M(83%)->10M(83%)
[65.513s][info][gc] GC(261) Garbage Collection (Allocation Rate) 10M(83%)->10M(83%)
[65.610s][info][gc] GC(262) Garbage Collection (Allocation Rate) 10M(83%)->10M(83%)
[65.700s][info][gc] GC(263) Garbage Collection (Allocation Rate) 10M(83%)->10M(83%)
[65.811s][info][gc] GC(264) Garbage Collection (Allocation Rate) 10M(83%)->10M(83%)
[65.912s][info][gc] GC(265) Garbage Collection (Allocation Rate) 12M(100%)->10M(83%)
[66.015s][info][gc] GC(266) Garbage Collection (Allocation Rate) 12M(100%)->10M(83%)
[66.128s][info][gc] GC(267) Garbage Collection (Allocation Rate) 10M(83%)->8M(67%)
[66.303s][info][gc] GC(268) Garbage Collection (Allocation Rate) 8M(67%)->8M(67%)
[67.001s][info][gc] GC(269) Garbage Collection (Allocation Rate) 10M(83%)->8M(67%)
[67.099s][info][gc] GC(270) Garbage Collection (Allocation Rate) 10M(83%)->8M(67%)
[68.010s][info][gc] GC(271) Garbage Collection (Allocation Rate) 10M(83%)->8M(67%)
[68.107s][info][gc] GC(272) Garbage Collection (Allocation Rate) 10M(83%)->8M(67%)
[69.002s][info][gc] GC(273) Garbage Collection (Allocation Rate) 10M(83%)->8M(67%)
[69.098s][info][gc] GC(274) Garbage Collection (Allocation Rate) 10M(83%)->8M(67%)
[69.999s][info][gc] GC(275) Garbage Collection (Allocation Rate) 10M(83%)->8M(67%)
[70.099s][info][gc] GC(276) Garbage Collection (Allocation Rate) 10M(83%)->8M(67%)
[70.997s][info][gc] GC(277) Garbage Collection (Allocation Rate) 10M(83%)->8M(67%)
[71.096s][info][gc] GC(278) Garbage Collection (Allocation Rate) 10M(83%)->8M(67%)
[71.995s][info][gc] GC(279) Garbage Collection (Allocation Rate) 10M(83%)->8M(67%)
[72.104s][info][gc] GC(280) Garbage Collection (Allocation Rate) 10M(83%)->8M(67%)
[72.997s][info][gc] GC(281) Garbage Collection (Allocation Rate) 10M(83%)->8M(67%)
[73.132s][info][gc] GC(282) Garbage Collection (Allocation Rate) 10M(83%)->8M(67%)
[73.297s][info][gc] GC(283) Garbage Collection (Allocation Rate) 10M(83%)->8M(67%)
[74.298s][info][gc] GC(284) Garbage Collection (Allocation Rate) 8M(67%)->8M(67%)
[74.401s][info][gc] GC(285) Garbage Collection (Allocation Rate) 8M(67%)->8M(67%)
[74.500s][info][gc] GC(286) Garbage Collection (Allocation Rate) 8M(67%)->8M(67%)
[74.598s][info][gc] GC(287) Garbage Collection (Allocation Rate) 8M(67%)->8M(67%)
[74.699s][info][gc] GC(288) Garbage Collection (Allocation Rate) 8M(67%)->8M(67%)
[74.798s][info][gc] GC(289) Garbage Collection (Allocation Rate) 8M(67%)->8M(67%)
[75.410s][info][gc] GC(290) Garbage Collection (Allocation Rate) 10M(83%)->8M(67%)
[75.614s][info][gc] GC(291) Garbage Collection (Allocation Rate) 10M(83%)->10M(83%)
[75.705s][info][gc] GC(292) Garbage Collection (Allocation Rate) 10M(83%)->8M(67%)
[75.816s][info][gc] GC(293) Garbage Collection (Allocation Rate) 8M(67%)->8M(67%)
[75.903s][info][gc] GC(294) Garbage Collection (Allocation Rate) 8M(67%)->8M(67%)
[75.996s][info][gc] GC(295) Garbage Collection (Allocation Rate) 8M(67%)->8M(67%)
[76.103s][info][gc] GC(296) Garbage Collection (Allocation Rate) 8M(67%)->8M(67%)
[76.196s][info][gc] GC(297) Garbage Collection (Allocation Rate) 8M(67%)->8M(67%)
[76.304s][info][gc] GC(298) Garbage Collection (Allocation Rate) 8M(67%)->8M(67%)
[76.606s][info][gc] GC(299) Garbage Collection (Allocation Rate) 10M(83%)->10M(83%)
[76.712s][info][gc] GC(300) Garbage Collection (Allocation Rate) 10M(83%)->10M(83%)
[76.802s][info][gc] GC(301) Garbage Collection (Allocation Rate) 10M(83%)->10M(83%)
[76.897s][info][gc] GC(302) Garbage Collection (Allocation Rate) 10M(83%)->10M(83%)
[77.005s][info][gc] GC(303) Garbage Collection (Allocation Rate) 10M(83%)->10M(83%)
[77.097s][info][gc] GC(304) Garbage Collection (Allocation Rate) 10M(83%)->10M(83%)
[77.206s][info][gc] GC(305) Garbage Collection (Allocation Rate) 10M(83%)->10M(83%)
[77.298s][info][gc] GC(306) Garbage Collection (Allocation Rate) 10M(83%)->10M(83%)
[77.402s][info][gc] Allocation Stall (main) 34.824ms
[77.407s][info][gc] Allocation Stall (main) 2.104ms
[77.407s][info][gc] GC(307) Garbage Collection (Allocation Stall) 12M(100%)->12M(100%)
[77.460s][info][gc] GC(308) Garbage Collection (Allocation Stall) 12M(100%)->12M(100%)
[77.465s][info][gc] Allocation Stall (main) 49.362ms
[77.508s][info][gc] GC(309) Garbage Collection (Allocation Rate) 12M(100%)->12M(100%)
[77.542s][info][gc] GC(310) Garbage Collection (Allocation Stall) 12M(100%)->12M(100%)
[77.543s][info][gc] Allocation Stall (main) 62.709ms
[77.579s][info][gc] GC(311) Garbage Collection (Allocation Stall) 12M(100%)->12M(100%)
[77.587s][info][gc] Allocation Stall (main) 44.471ms
[77.587s][info][gc] Out Of Memory (main)
[77.613s][info][gc] GC(312) Garbage Collection (Allocation Stall) 12M(100%)->12M(100%)
[77.613s][info][gc] Allocation Stall (RMI TCP Connection(3)-192.168.1.68) 68.269ms
[77.615s][info][gc] Allocation Stall (RMI TCP Connection(2)-192.168.1.68) 65.809ms
[77.642s][info][gc] Allocation Stall (RMI TCP Connection(3)-192.168.1.68) 28.886ms
[77.642s][info][gc] Allocation Stall (main) 54.808ms
[77.643s][info][gc] GC(313) Garbage Collection (Allocation Stall) 12M(100%)->10M(83%)
[77.643s][info][gc] Allocation Stall (RMI TCP Connection(2)-192.168.1.68) 28.122ms
[77.689s][info][gc] GC(314) Garbage Collection (Allocation Stall) Aborted
