[0.039s][info][gc] Using G1
[21.189s][info][gc] GC(0) Pause Young (Normal) (G1 Evacuation Pause) 4M->2M(12M) 8.560ms
[21.264s][info][gc] GC(1) Pause Young (Normal) (G1 Evacuation Pause) 3M->2M(12M) 5.847ms
[21.326s][info][gc] GC(2) Pause Young (Normal) (G1 Evacuation Pause) 3M->2M(12M) 2.260ms
[21.433s][info][gc] GC(3) Pause Young (Normal) (G1 Evacuation Pause) 4M->2M(12M) 2.762ms
[21.576s][info][gc] GC(4) Pause Young (Normal) (G1 Evacuation Pause) 4M->3M(12M) 3.441ms
[21.630s][info][gc] GC(5) Pause Young (Normal) (G1 Evacuation Pause) 5M->3M(12M) 5.220ms
[21.718s][info][gc] GC(6) Pause Young (Normal) (G1 Evacuation Pause) 5M->4M(12M) 11.889ms
[23.898s][info][gc] GC(7) Pause Young (Normal) (G1 Evacuation Pause) 6M->4M(12M) 2.774ms
[24.473s][info][gc] GC(8) Pause Young (Normal) (G1 Evacuation Pause) 6M->4M(12M) 3.671ms
[26.606s][info][gc] GC(9) Pause Young (Normal) (G1 Evacuation Pause) 6M->4M(12M) 5.324ms
[28.571s][info][gc] GC(10) Pause Young (Normal) (G1 Evacuation Pause) 5M->5M(12M) 2.727ms
[41.490s][info][gc] GC(11) Pause Young (Normal) (G1 Evacuation Pause) 7M->5M(12M) 4.744ms
[58.152s][info][gc] GC(12) Pause Young (Normal) (G1 Evacuation Pause) 7M->5M(12M) 4.883ms
[71.487s][info][gc] GC(13) Pause Young (Normal) (G1 Evacuation Pause) 7M->5M(12M) 1.655ms
[88.496s][info][gc] GC(14) Pause Young (Normal) (G1 Evacuation Pause) 7M->5M(12M) 1.768ms
[113.663s][info][gc] GC(15) Pause Young (Normal) (G1 Evacuation Pause) 8M->5M(12M) 1.758ms
[134.785s][info][gc] GC(16) Pause Young (Concurrent Start) (G1 Humongous Allocation) 7M->5M(12M) 3.902ms
[134.786s][info][gc] GC(17) Concurrent Undo Cycle
[134.786s][info][gc] GC(17) Concurrent Undo Cycle 0.304ms
[156.031s][info][gc] GC(18) Pause Young (Concurrent Start) (G1 Humongous Allocation) 8M->6M(12M) 2.729ms
[156.032s][info][gc] GC(19) Concurrent Mark Cycle
[156.057s][info][gc] GC(19) Pause Remark 7M->7M(12M) 8.499ms
[156.076s][info][gc] GC(19) Pause Cleanup 8M->8M(12M) 0.295ms
[156.077s][info][gc] GC(19) Concurrent Mark Cycle 45.123ms
[156.094s][info][gc] GC(20) Pause Young (Prepare Mixed) (G1 Evacuation Pause) 9M->7M(12M) 2.906ms
[156.120s][info][gc] GC(21) Pause Young (Mixed) (G1 Evacuation Pause) 8M->6M(12M) 3.646ms
[156.130s][info][gc] GC(22) Pause Young (Concurrent Start) (G1 Evacuation Pause) 7M->6M(12M) 2.176ms
[156.130s][info][gc] GC(23) Concurrent Mark Cycle
[156.138s][info][gc] GC(24) Pause Young (Normal) (G1 Evacuation Pause) 7M->6M(12M) 1.841ms
[156.142s][info][gc] GC(25) Pause Young (Normal) (G1 Evacuation Pause) 7M->6M(12M) 1.824ms
[156.147s][info][gc] GC(26) Pause Young (Normal) (G1 Evacuation Pause) 7M->6M(12M) 1.875ms
[156.152s][info][gc] GC(27) Pause Young (Normal) (G1 Evacuation Pause) 7M->6M(12M) 1.860ms
[156.157s][info][gc] GC(23) Pause Remark 7M->7M(12M) 3.231ms
[156.160s][info][gc] GC(28) Pause Young (Normal) (G1 Evacuation Pause) 7M->6M(12M) 1.800ms
[156.167s][info][gc] GC(29) Pause Young (Normal) (G1 Evacuation Pause) 7M->6M(12M) 1.740ms
[156.167s][info][gc] GC(23) Pause Cleanup 6M->6M(12M) 0.041ms
[156.167s][info][gc] GC(23) Concurrent Mark Cycle 37.027ms
[156.171s][info][gc] GC(30) Pause Young (Prepare Mixed) (G1 Evacuation Pause) 7M->6M(12M) 1.460ms
[156.178s][info][gc] GC(31) Pause Young (Mixed) (G1 Evacuation Pause) 7M->6M(12M) 4.526ms
[156.183s][info][gc] GC(32) Pause Young (Concurrent Start) (G1 Evacuation Pause) 7M->6M(12M) 1.397ms
[156.183s][info][gc] GC(33) Concurrent Mark Cycle
[156.187s][info][gc] GC(34) Pause Young (Normal) (G1 Evacuation Pause) 7M->6M(12M) 1.034ms
[156.191s][info][gc] GC(35) Pause Young (Normal) (G1 Evacuation Pause) 7M->6M(12M) 1.053ms
[156.194s][info][gc] GC(36) Pause Young (Normal) (G1 Evacuation Pause) 7M->6M(12M) 0.993ms
[156.198s][info][gc] GC(37) Pause Young (Normal) (G1 Evacuation Pause) 7M->6M(12M) 0.758ms
[156.201s][info][gc] GC(38) Pause Young (Normal) (G1 Evacuation Pause) 7M->6M(12M) 0.746ms
[156.209s][info][gc] GC(33) Pause Remark 7M->7M(12M) 5.661ms
[156.212s][info][gc] GC(39) Pause Young (Normal) (G1 Evacuation Pause) 7M->6M(12M) 0.695ms
[156.216s][info][gc] GC(40) Pause Young (Normal) (G1 Evacuation Pause) 7M->6M(12M) 0.698ms
[156.217s][info][gc] GC(33) Pause Cleanup 7M->7M(12M) 0.044ms
[156.218s][info][gc] GC(33) Concurrent Mark Cycle 34.748ms
[156.220s][info][gc] GC(41) Pause Young (Prepare Mixed) (G1 Evacuation Pause) 7M->6M(12M) 0.805ms
[156.226s][info][gc] GC(42) Pause Young (Mixed) (G1 Evacuation Pause) 7M->6M(12M) 4.120ms
[156.231s][info][gc] GC(43) Pause Young (Concurrent Start) (G1 Evacuation Pause) 7M->6M(12M) 2.118ms
[156.231s][info][gc] GC(44) Concurrent Mark Cycle
[156.240s][info][gc] GC(45) Pause Young (Normal) (G1 Evacuation Pause) 7M->6M(12M) 0.895ms
[156.243s][info][gc] GC(46) Pause Young (Normal) (G1 Evacuation Pause) 7M->6M(12M) 0.880ms
[156.247s][info][gc] GC(47) Pause Young (Normal) (G1 Evacuation Pause) 7M->6M(12M) 0.911ms
[156.256s][info][gc] GC(44) Pause Remark 8M->8M(12M) 3.201ms
[156.262s][info][gc] GC(44) Pause Cleanup 8M->8M(12M) 0.055ms
[156.262s][info][gc] GC(44) Concurrent Mark Cycle 30.786ms
[157.011s][info][gc] GC(48) Pause Young (Normal) (G1 Evacuation Pause) 8M->5M(12M) 0.991ms
[171.046s][info][gc] GC(49) Pause Young (Normal) (G1 Evacuation Pause) 7M->5M(12M) 2.314ms
[188.262s][info][gc] GC(50) Pause Young (Normal) (G1 Evacuation Pause) 7M->5M(12M) 0.993ms
[206.574s][info][gc] GC(51) Pause Young (Normal) (G1 Evacuation Pause) 7M->5M(12M) 0.968ms
[209.355s][info][gc] GC(52) Pause Young (Concurrent Start) (G1 Humongous Allocation) 5M->5M(12M) 2.837ms
[209.355s][info][gc] GC(53) Concurrent Undo Cycle
[209.355s][info][gc] GC(53) Concurrent Undo Cycle 0.144ms
[227.282s][info][gc] GC(54) Pause Young (Normal) (G1 Evacuation Pause) 8M->5M(12M) 1.035ms
[245.252s][info][gc] GC(55) Pause Young (Normal) (G1 Evacuation Pause) 7M->5M(12M) 0.932ms
[262.075s][info][gc] GC(56) Pause Young (Concurrent Start) (G1 Humongous Allocation) 7M->5M(12M) 2.345ms
[262.075s][info][gc] GC(57) Concurrent Undo Cycle
[262.075s][info][gc] GC(57) Concurrent Undo Cycle 0.163ms
[279.350s][info][gc] GC(58) Pause Young (Normal) (G1 Evacuation Pause) 8M->6M(12M) 1.143ms
[288.394s][info][gc] GC(59) Pause Young (Concurrent Start) (G1 Evacuation Pause) 7M->6M(12M) 1.217ms
[288.394s][info][gc] GC(60) Concurrent Mark Cycle
[288.418s][info][gc] GC(60) Pause Remark 6M->6M(12M) 7.255ms
[288.435s][info][gc] GC(60) Pause Cleanup 6M->6M(12M) 0.053ms
[288.435s][info][gc] GC(60) Concurrent Mark Cycle 41.258ms
[298.016s][info][gc] GC(61) Pause Young (Prepare Mixed) (G1 Evacuation Pause) 7M->6M(12M) 1.177ms
[306.423s][info][gc] GC(62) Pause Young (Mixed) (G1 Evacuation Pause) 7M->5M(12M) 3.361ms
[324.545s][info][gc] GC(63) Pause Young (Normal) (G1 Evacuation Pause) 7M->5M(12M) 1.343ms
[341.508s][info][gc] GC(64) Pause Young (Concurrent Start) (G1 Evacuation Pause) 7M->5M(12M) 1.442ms
[341.508s][info][gc] GC(65) Concurrent Mark Cycle
[341.532s][info][gc] GC(65) Pause Remark 5M->5M(12M) 4.791ms
[341.537s][info][gc] GC(65) Pause Cleanup 6M->6M(12M) 0.073ms
[341.541s][info][gc] GC(65) Concurrent Mark Cycle 33.175ms
[358.552s][info][gc] GC(66) Pause Young (Normal) (G1 Evacuation Pause) 7M->5M(12M) 1.220ms
[375.591s][info][gc] GC(67) Pause Young (Concurrent Start) (G1 Evacuation Pause) 7M->5M(12M) 1.459ms
[375.591s][info][gc] GC(68) Concurrent Mark Cycle
[375.610s][info][gc] GC(68) Pause Remark 6M->6M(12M) 3.470ms
[375.610s][info][gc] GC(68) Pause Cleanup 6M->6M(12M) 0.018ms
[375.610s][info][gc] GC(68) Concurrent Mark Cycle 19.061ms
[393.555s][info][gc] GC(69) Pause Young (Normal) (G1 Evacuation Pause) 7M->5M(12M) 1.092ms
[410.626s][info][gc] GC(70) Pause Young (Concurrent Start) (G1 Evacuation Pause) 7M->5M(12M) 1.231ms
[410.626s][info][gc] GC(71) Concurrent Mark Cycle
[410.648s][info][gc] GC(71) Pause Remark 6M->6M(12M) 5.773ms
[410.650s][info][gc] GC(71) Pause Cleanup 6M->6M(12M) 0.025ms
[410.650s][info][gc] GC(71) Concurrent Mark Cycle 24.612ms
[427.682s][info][gc] GC(72) Pause Young (Normal) (G1 Evacuation Pause) 7M->5M(12M) 1.922ms
[445.668s][info][gc] GC(73) Pause Young (Concurrent Start) (G1 Evacuation Pause) 7M->5M(12M) 1.210ms
[445.668s][info][gc] GC(74) Concurrent Mark Cycle
[445.690s][info][gc] GC(74) Pause Remark 6M->6M(12M) 5.854ms
[445.692s][info][gc] GC(74) Pause Cleanup 6M->6M(12M) 0.024ms
[445.693s][info][gc] GC(74) Concurrent Mark Cycle 24.761ms
[463.682s][info][gc] GC(75) Pause Young (Normal) (G1 Evacuation Pause) 7M->4M(12M) 1.099ms
